Wrote replication rows: (6900, 21)
Wrote diagnostics rows: (2300, 8)
table2_convergence: (69, 9)
table3_bias_mse: (69, 11)
table3_beta_bias_mse: (69, 11)
table4_variance_coverage: (69, 9)
confounded_summary: (3, 16)
             scenario  mean_x1_x2_corr  max_probability_clip_rate  max_x2_clip_rate
            alpha_0.2     4.020168e-18                        0.0               0.0
            alpha_0.3     4.020168e-18                        0.0               0.0
            alpha_0.5     4.020168e-18                        0.0               0.0
            alpha_0.6     4.020168e-18                        0.0               0.0
            alpha_0.7     4.020168e-18                        0.0               0.0
            alpha_0.8     4.020168e-18                        0.0               0.0
                 base     4.020168e-18                        0.0               0.0
             beta0_-2     4.020168e-18                        0.0               0.0
             beta0_-3     4.020168e-18                        0.0               0.0
           beta_b_1.2     4.020168e-18                        0.0               0.0
           beta_b_1.4     4.020168e-18                        0.0               0.0
           beta_b_1.8     4.020168e-18                        0.0               0.0
             beta_b_2     4.020168e-18                        0.0               0.0
confounded_shift_0_50     6.591946e-01                        0.0               0.0
                n_100     2.195941e-18                        0.0               0.0
                 n_25     1.262964e-17                        0.0               0.0
                 n_75    -6.417251e-19                        0.0               0.0
             prop_0.3    -3.950627e-18                        0.0               0.0
             prop_0.4    -1.186412e-17                        0.0               0.0
             prop_0.5     2.197383e-18                        0.0               0.0
             prop_0.6     1.570714e-17                        0.0               0.0
             prop_0.7     4.238509e-18                        0.0               0.0
             prop_0.8    -4.090911e-18                        0.0               0.0
             scenario     method  coverage  coverage_n  converged
            alpha_0.2 OR-PGEE-ZY      0.86          97         97
            alpha_0.2     RR-GEE      0.94          95         95
            alpha_0.2    RR-PGEE      0.91         100        100
            alpha_0.3 OR-PGEE-ZY      0.88          96         96
            alpha_0.3     RR-GEE      0.94          95         95
            alpha_0.3    RR-PGEE      0.92         100        100
            alpha_0.5 OR-PGEE-ZY      0.84          93         93
            alpha_0.5     RR-GEE      0.92          92         92
            alpha_0.5    RR-PGEE      0.89         100        100
            alpha_0.6 OR-PGEE-ZY      0.78          90         90
            alpha_0.6     RR-GEE      0.89          90         90
            alpha_0.6    RR-PGEE      0.85         100        100
            alpha_0.7 OR-PGEE-ZY      0.64          80         80
            alpha_0.7     RR-GEE      0.78          80         80
            alpha_0.7    RR-PGEE      0.75          99         99
            alpha_0.8 OR-PGEE-ZY      0.64          82         82
            alpha_0.8     RR-GEE      0.76          78         78
            alpha_0.8    RR-PGEE      0.73          98         98
                 base OR-PGEE-ZY      0.87          95         95
                 base     RR-GEE      0.90          91         91
                 base    RR-PGEE      0.89         100        100
             beta0_-2 OR-PGEE-ZY      0.59          92         92
             beta0_-2     RR-GEE      0.93         100        100
             beta0_-2    RR-PGEE      0.93         100        100
             beta0_-3 OR-PGEE-ZY      0.87          92         92
             beta0_-3     RR-GEE      0.96         100        100
             beta0_-3    RR-PGEE      0.94         100        100
           beta_b_1.2 OR-PGEE-ZY      0.84          95         95
           beta_b_1.2     RR-GEE      0.83          84         84
           beta_b_1.2    RR-PGEE      0.85          99         99
           beta_b_1.4 OR-PGEE-ZY      0.84          95         95
           beta_b_1.4     RR-GEE      0.85          86         86
           beta_b_1.4    RR-PGEE      0.87         100        100
           beta_b_1.8 OR-PGEE-ZY      0.86          92         92
           beta_b_1.8     RR-GEE      0.93          94         94
           beta_b_1.8    RR-PGEE      0.91         100        100
             beta_b_2 OR-PGEE-ZY      0.84          88         88
             beta_b_2     RR-GEE      0.93          95         95
             beta_b_2    RR-PGEE      0.92          99         99
confounded_shift_0_50 OR-PGEE-ZY      0.85          94         94
confounded_shift_0_50     RR-GEE      0.83          91         91
confounded_shift_0_50    RR-PGEE      0.84         100        100
                n_100 OR-PGEE-ZY      0.91          99         99
                n_100     RR-GEE      0.93         100        100
                n_100    RR-PGEE      0.92         100        100
                 n_25 OR-PGEE-ZY      0.56          77         77
                 n_25     RR-GEE      0.57          57         57
                 n_25    RR-PGEE      0.64          96         96
                 n_75 OR-PGEE-ZY      0.82          97         97
                 n_75     RR-GEE      0.88          95         95
                 n_75    RR-PGEE      0.84         100        100
             prop_0.3 OR-PGEE-ZY      0.87         100        100
             prop_0.3     RR-GEE      0.90          91         91
             prop_0.3    RR-PGEE      0.88         100        100
             prop_0.4 OR-PGEE-ZY      0.80         100        100
             prop_0.4     RR-GEE      0.85          88         88
             prop_0.4    RR-PGEE      0.81         100        100
             prop_0.5 OR-PGEE-ZY      0.75         100        100
             prop_0.5     RR-GEE      0.78          80         80
             prop_0.5    RR-PGEE      0.76         100        100
             prop_0.6 OR-PGEE-ZY      0.73         100        100
             prop_0.6     RR-GEE      0.78          82         82
             prop_0.6    RR-PGEE      0.74         100        100
             prop_0.7 OR-PGEE-ZY      0.73         100        100
             prop_0.7     RR-GEE      0.71          75         75
             prop_0.7    RR-PGEE      0.76         100        100
             prop_0.8 OR-PGEE-ZY      0.72         100        100
             prop_0.8     RR-GEE      0.54          58         58
             prop_0.8    RR-PGEE      0.74         100        100
